v3> read aig 6s209b0.aig

v3> satv pdr -o 0
5566
5566
5566
5566
5566
5566
5566
5566
7788
7788
7788
7788
7788
7788
7788
7788
5566
7788
7788
7788
7788
7788
7788
7788
7788
7788
7788
7788
7788
7788
7788
7788
7788
7788
7788
7788
7788
7788
7788
7788
7788
7788
7788
7788
7788
7788
7788
7788
7788
7788
7788
7788
7788
7788
7788
7788
7788
7788
7788
7788
7788
7788
7788
7788
7788
7788
7788
7788
7788
7788
7788
7788
7788
7788
7788
7788
7788
